[ 2026-08-09 13:04:22,557 ] 1025 httpx - INFO - HTTP Request: GET https://dagshub.com/api/v1/user "HTTP/1.1 200 OK"
[ 2026-08-09 13:04:22,590 ] 107 dagshub - INFO - Accessing as ayush-hub-ctrl
[ 2026-08-09 13:04:23,477 ] 1025 httpx - INFO - HTTP Request: GET https://dagshub.com/api/v1/repos/ayush-hub-ctrl/networksecurity "HTTP/1.1 200 OK"
[ 2026-08-09 13:04:24,352 ] 1025 httpx - INFO - HTTP Request: GET https://dagshub.com/api/v1/user "HTTP/1.1 200 OK"
[ 2026-08-09 13:04:24,357 ] 107 dagshub - INFO - Initialized MLflow to track repo "ayush-hub-ctrl/networksecurity"
[ 2026-08-09 13:04:24,358 ] 107 dagshub - INFO - Repository ayush-hub-ctrl/networksecurity initialized!
[ 2026-08-09 13:04:24,358 ] 20 root - INFO - Initiate the data ingestion
[ 2026-08-09 13:04:24,769 ] 96 pymongo.serverSelection - INFO - {"message": "Waiting for suitable server to become available", "selector": "Primary()", "operation": "find", "topologyDescription": "<TopologyDescription id: 6a782d808784185245d0db6c, topology_type: ReplicaSetNoPrimary, servers: [<ServerDescription ('ac-wzlnizu-shard-00-00.99pj2hc.mongodb.net', 27017) server_type: Unknown, rtt: None>, <ServerDescription ('ac-wzlnizu-shard-00-01.99pj2hc.mongodb.net', 27017) server_type: Unknown, rtt: None>, <ServerDescription ('ac-wzlnizu-shard-00-02.99pj2hc.mongodb.net', 27017) server_type: Unknown, rtt: None>]>", "clientId": {"$oid": "6a782d808784185245d0db6c"}, "remainingTimeMS": 30}
[ 2026-08-09 13:04:26,483 ] 65 root - INFO - Performed train test split on the dataframe
[ 2026-08-09 13:04:26,483 ] 67 root - INFO - Exited split_data_as_train_test method of Data_Ingestion class
[ 2026-08-09 13:04:26,485 ] 75 root - INFO - Exporting train and test file path.
[ 2026-08-09 13:04:26,674 ] 84 root - INFO - Exported train and test file path.
[ 2026-08-09 13:04:26,676 ] 22 root - INFO - Data Initiation Completed
[ 2026-08-09 13:04:26,702 ] 26 root - INFO - Initiate the data Validation
[ 2026-08-09 13:04:26,891 ] 32 root - INFO - Required number of columns:2
[ 2026-08-09 13:04:26,891 ] 33 root - INFO - Data frame has columns:31
[ 2026-08-09 13:04:26,891 ] 32 root - INFO - Required number of columns:2
[ 2026-08-09 13:04:26,892 ] 33 root - INFO - Data frame has columns:31
[ 2026-08-09 13:04:27,397 ] 28 root - INFO - data Validation Completed
[ 2026-08-09 13:04:27,398 ] 31 root - INFO - data Transformation started
[ 2026-08-09 13:04:27,398 ] 63 root - INFO - Entered initiate_data_transformation method of DataTransformation class
[ 2026-08-09 13:04:27,398 ] 65 root - INFO - Starting data transformation
[ 2026-08-09 13:04:27,463 ] 48 root - INFO - Entered get_data_trnasformer_object method of Trnasformation class
[ 2026-08-09 13:04:27,464 ] 53 root - INFO - Initialise KNNImputer with {'missing_values': nan, 'n_neighbors': 3, 'weights': 'uniform'}
[ 2026-08-09 13:04:27,506 ] 46 root - INFO - Entered the save_object method of MainUtils class
[ 2026-08-09 13:04:27,509 ] 50 root - INFO - Exited the save_object method of MainUtils class
[ 2026-08-09 13:04:27,511 ] 46 root - INFO - Entered the save_object method of MainUtils class
[ 2026-08-09 13:04:27,515 ] 50 root - INFO - Exited the save_object method of MainUtils class
[ 2026-08-09 13:04:27,517 ] 35 root - INFO - data Transformation completed
[ 2026-08-09 13:04:27,518 ] 37 root - INFO - Model Training sstared
