[ 2026-08-09 13:40:47,160 ] 1025 httpx - INFO - HTTP Request: GET https://dagshub.com/api/v1/user "HTTP/1.1 200 OK"
[ 2026-08-09 13:40:47,170 ] 107 dagshub - INFO - Accessing as ayush-hub-ctrl
[ 2026-08-09 13:40:48,069 ] 1025 httpx - INFO - HTTP Request: GET https://dagshub.com/api/v1/repos/ayush-hub-ctrl/networksecurity "HTTP/1.1 200 OK"
[ 2026-08-09 13:40:48,874 ] 1025 httpx - INFO - HTTP Request: GET https://dagshub.com/api/v1/user "HTTP/1.1 200 OK"
[ 2026-08-09 13:40:48,878 ] 107 dagshub - INFO - Initialized MLflow to track repo "ayush-hub-ctrl/networksecurity"
[ 2026-08-09 13:40:48,879 ] 107 dagshub - INFO - Repository ayush-hub-ctrl/networksecurity initialized!
[ 2026-08-09 13:40:48,880 ] 20 root - INFO - Initiate the data ingestion
[ 2026-08-09 13:40:49,190 ] 96 pymongo.serverSelection - INFO - {"message": "Waiting for suitable server to become available", "selector": "Primary()", "operation": "find", "topologyDescription": "<TopologyDescription id: 6a783609a9b8cd74c293dee3, topology_type: ReplicaSetNoPrimary, servers: [<ServerDescription ('ac-wzlnizu-shard-00-00.99pj2hc.mongodb.net', 27017) server_type: Unknown, rtt: None>, <ServerDescription ('ac-wzlnizu-shard-00-01.99pj2hc.mongodb.net', 27017) server_type: Unknown, rtt: None>, <ServerDescription ('ac-wzlnizu-shard-00-02.99pj2hc.mongodb.net', 27017) server_type: Unknown, rtt: None>]>", "clientId": {"$oid": "6a783609a9b8cd74c293dee3"}, "remainingTimeMS": 30}
[ 2026-08-09 13:40:50,470 ] 65 root - INFO - Performed train test split on the dataframe
[ 2026-08-09 13:40:50,470 ] 67 root - INFO - Exited split_data_as_train_test method of Data_Ingestion class
[ 2026-08-09 13:40:50,471 ] 75 root - INFO - Exporting train and test file path.
[ 2026-08-09 13:40:50,538 ] 84 root - INFO - Exported train and test file path.
[ 2026-08-09 13:40:50,539 ] 22 root - INFO - Data Initiation Completed
[ 2026-08-09 13:40:50,545 ] 26 root - INFO - Initiate the data Validation
[ 2026-08-09 13:40:50,618 ] 32 root - INFO - Required number of columns:2
[ 2026-08-09 13:40:50,618 ] 33 root - INFO - Data frame has columns:31
[ 2026-08-09 13:40:50,618 ] 32 root - INFO - Required number of columns:2
[ 2026-08-09 13:40:50,618 ] 33 root - INFO - Data frame has columns:31
[ 2026-08-09 13:40:50,764 ] 28 root - INFO - data Validation Completed
[ 2026-08-09 13:40:50,765 ] 31 root - INFO - data Transformation started
[ 2026-08-09 13:40:50,765 ] 63 root - INFO - Entered initiate_data_transformation method of DataTransformation class
[ 2026-08-09 13:40:50,765 ] 65 root - INFO - Starting data transformation
[ 2026-08-09 13:40:50,787 ] 48 root - INFO - Entered get_data_trnasformer_object method of Trnasformation class
[ 2026-08-09 13:40:50,787 ] 53 root - INFO - Initialise KNNImputer with {'missing_values': nan, 'n_neighbors': 3, 'weights': 'uniform'}
[ 2026-08-09 13:40:50,808 ] 46 root - INFO - Entered the save_object method of MainUtils class
[ 2026-08-09 13:40:50,811 ] 50 root - INFO - Exited the save_object method of MainUtils class
[ 2026-08-09 13:40:50,811 ] 46 root - INFO - Entered the save_object method of MainUtils class
[ 2026-08-09 13:40:50,814 ] 50 root - INFO - Exited the save_object method of MainUtils class
[ 2026-08-09 13:40:50,815 ] 35 root - INFO - data Transformation completed
[ 2026-08-09 13:40:50,815 ] 37 root - INFO - Model Training sstared
[ 2026-08-09 13:46:28,300 ] 46 root - INFO - Entered the save_object method of MainUtils class
[ 2026-08-09 13:46:28,301 ] 50 root - INFO - Exited the save_object method of MainUtils class
[ 2026-08-09 13:46:28,301 ] 46 root - INFO - Entered the save_object method of MainUtils class
[ 2026-08-09 13:46:28,305 ] 50 root - INFO - Exited the save_object method of MainUtils class
[ 2026-08-09 13:46:28,306 ] 146 root - INFO - Model trainer artifact: ModelTrainerArtifact(trained_model_file_path='Artifacts\\08_09_2026_13_40_41\\model_trainer\\trained_model\\model.pkl', train_metric_artifact=ClassificationMetricArtifact(f1_score=0.991096721974909, precision_score=0.9880976397014323, recall_score=0.9941140653541709), test_metric_artifact=ClassificationMetricArtifact(f1_score=0.9728415079043372, precision_score=0.9700889248181084, recall_score=0.975609756097561))
[ 2026-08-09 13:46:28,307 ] 42 root - INFO - Model Training artifact created
